// Jest Snapshot v1, https://goo.gl/fbAQLP

exports[`<Profile /> matches snapshot 1`] = `
<Profile
  name="유병호"
  username="youthfulhps"
>
  <div>
    <b>
      youthfulhps
    </b>
     
    <span>
      (
      유병호
      )
    </span>
  </div>
</Profile>
`;
